Resolving dependencies...
Downloading packages...
  _fe_analyzer_shared 67.0.0 (92.0.0 available)
  analyzer 6.4.1 (9.0.0 available)
  build 2.4.1 (4.0.3 available)
  build_config 1.1.2 (1.2.0 available)
  build_resolvers 2.4.2 (3.0.4 available)
  build_runner 2.4.13 (2.10.4 available)
  build_runner_core 7.3.2 (9.3.2 available)
  built_value 8.12.0 (8.12.1 available)
  characters 1.4.0 (1.4.1 available)
  dart_style 2.3.6 (3.1.3 available)
  flutter_launcher_icons 0.13.1 (0.14.4 available)
  flutter_lints 3.0.2 (6.0.0 available)
  lints 3.0.0 (6.0.0 available)
  matcher 0.12.17 (0.12.18 available)
  material_color_utilities 0.11.1 (0.13.0 available)
  path_provider_android 2.2.21 (2.2.22 available)
  path_provider_foundation 2.4.4 (2.5.1 available)
  shelf_web_socket 2.0.1 (3.0.0 available)
  source_gen 1.5.0 (4.1.1 available)
  source_helper 1.3.5 (1.3.9 available)
  test_api 0.7.7 (0.7.8 available)
Got dependencies!
21 packages have newer versions incompatible with dependency constraints.
Try `flutter pub outdated` for more information.
00:00 +0: loading /home/nicolas/workspace/LudoCount/test/expert_preset_config_test.dart                                                                                                                00:01 +0: loading /home/nicolas/workspace/LudoCount/test/expert_preset_config_test.dart                                                                                                                00:02 +0: loading /home/nicolas/workspace/LudoCount/test/expert_preset_config_test.dart                                                                                                                00:03 +0: loading /home/nicolas/workspace/LudoCount/test/expert_preset_config_test.dart                                                                                                                00:03 +0: (setUpAll)                                                                                                                                                                                   00:03 +0: Clicking "Ajouter variables par défaut" adds bid and tricks fields                                                                                                                           00:04 +0: Clicking "Ajouter variables par défaut" adds bid and tricks fields                                                                                                                           00:04 +0: Clicking "Ajouter variables par défaut" adds bid and tricks fields                                                                                                                           
Building ExpertPresetConfigScreen. Fields: 0
══╡ EXCEPTION CAUGHT BY FLUTTER TEST FRAMEWORK ╞════════════════════════════════════════════════════
The following StateError was thrown running a test:
Bad state: Too many elements

When the exception was thrown, this was the stack:
#0      Iterable.single (dart:core/iterable.dart:696:24)
#1      WidgetController.widget (package:flutter_test/src/controller.dart:808:30)
#2      WidgetController.scrollUntilVisible.<anonymous closure> (package:flutter_test/src/controller.dart:2345:15)
#5      TestAsyncUtils.guard (package:flutter_test/src/test_async_utils.dart:74:41)
#6      WidgetController.scrollUntilVisible (package:flutter_test/src/controller.dart:2343:27)
#7      main.<anonymous closure> (file:///home/nicolas/workspace/LudoCount/test/expert_preset_config_test.dart:65:18)
<asynchronous suspension>
#8      testWidgets.<anonymous closure>.<anonymous closure> (package:flutter_test/src/widget_tester.dart:192:15)
<asynchronous suspension>
#9      TestWidgetsFlutterBinding._runTestBody (package:flutter_test/src/binding.dart:1059:5)
<asynchronous suspension>
<asynchronous suspension>
(elided 3 frames from dart:async and package:stack_trace)

The test description was:
  Clicking "Ajouter variables par défaut" adds bid and tricks fields
════════════════════════════════════════════════════════════════════════════════════════════════════
00:05 +0 -1: Clicking "Ajouter variables par défaut" adds bid and tricks fields [E]                                                                                                                    
  Test failed. See exception logs above.
  The test description was: Clicking "Ajouter variables par défaut" adds bid and tricks fields
  

To run this test again: /home/nicolas/snap/flutter/common/flutter/bin/cache/dart-sdk/bin/dart test /home/nicolas/workspace/LudoCount/test/expert_preset_config_test.dart -p vm --plain-name 'Clicking "Ajouter variables par défaut" adds bid and tricks fields'
00:05 +0 -1: (tearDownAll)                                                                                                                                                                             00:06 +0 -1: (tearDownAll)                                                                                                                                                                             00:06 +0 -1: Some tests failed.                                                                                                                                                                        
